MemTotal:        2055092 kB
MemFree:         1979104 kB
MemAvailable:    2001952 kB
Buffers:            4904 kB
Cached:            36788 kB
SwapCached:            0 kB
Active:            44176 kB
Inactive:           8628 kB
Active(anon):      11412 kB
Inactive(anon):        0 kB
Active(file):      32764 kB
Inactive(file):     8628 kB
Unevictable:           0 kB
Mlocked:               0 kB
HighTotal:       1310720 kB
HighFree:        1256368 kB
LowTotal:         744372 kB
LowFree:          722736 kB
SwapTotal:             0 kB
SwapFree:              0 kB
Zswap:                 0 kB
Zswapped:              0 kB
Dirty:               840 kB
Writeback:             0 kB
AnonPages:         11140 kB
Mapped:            17140 kB
Shmem:               300 kB
KReclaimable:       3332 kB
Slab:              10456 kB
SReclaimable:       3332 kB
SUnreclaim:         7124 kB
KernelStack:         692 kB
PageTables:         1284 kB
SecPageTables:         0 kB
NFS_Unstable:          0 kB
Bounce:                0 kB
WritebackTmp:          0 kB
CommitLimit:     1027544 kB
Committed_AS:      39336 kB
VmallocTotal:     245760 kB
VmallocUsed:        3736 kB
VmallocChunk:          0 kB
Percpu:              140 kB
CmaTotal:          16384 kB
CmaFree:           16128 kB
