MemTotal:        1007308 kB
MemFree:          673980 kB
MemAvailable:     790992 kB
Buffers:            3944 kB
Cached:           226048 kB
SwapCached:            0 kB
Active:            19408 kB
Inactive:         212896 kB
Active(anon):         92 kB
Inactive(anon):     2332 kB
Active(file):      19316 kB
Inactive(file):   210564 kB
Unevictable:           0 kB
Mlocked:               0 kB
SwapTotal:       2014204 kB
SwapFree:        2014204 kB
Dirty:             33228 kB
Writeback:             0 kB
AnonPages:          2244 kB
Mapped:             2044 kB
Shmem:               112 kB
KReclaimable:      29688 kB
Slab:              39156 kB
SReclaimable:      29688 kB
SUnreclaim:         9468 kB
KernelStack:        1220 kB
PageTables:          524 kB
NFS_Unstable:          0 kB
Bounce:                0 kB
WritebackTmp:          0 kB
CommitLimit:     2517856 kB
Committed_AS:       4328 kB
VmallocTotal:   34359738367 kB
VmallocUsed:       13888 kB
VmallocChunk:          0 kB
Percpu:              528 kB
AnonHugePages:         0 kB
ShmemHugePages:        0 kB
ShmemPmdMapped:        0 kB
FileHugePages:         0 kB
FilePmdMapped:         0 kB
HugePages_Total:       0
HugePages_Free:        0
HugePages_Rsvd:        0
HugePages_Surp:        0
Hugepagesize:       2048 kB
Hugetlb:               0 kB
DirectMap4k:       57216 kB
DirectMap2M:      991232 kB
