MemTotal:        2034572 kB
MemFree:         1757204 kB
MemAvailable:    1987952 kB
Buffers:            3280 kB
Cached:           225228 kB
SwapCached:            0 kB
Active:            35168 kB
Inactive:         195580 kB
Active(anon):         88 kB
Inactive(anon):     2244 kB
Active(file):      35080 kB
Inactive(file):   193336 kB
Unevictable:           0 kB
Mlocked:               0 kB
SwapTotal:       4068348 kB
SwapFree:        4068348 kB
Dirty:                 0 kB
Writeback:             0 kB
AnonPages:          2240 kB
Mapped:             2256 kB
Shmem:                92 kB
KReclaimable:      27504 kB
Slab:              34728 kB
SReclaimable:      27504 kB
SUnreclaim:         7224 kB
KernelStack:         968 kB
PageTables:          368 kB
NFS_Unstable:          0 kB
Bounce:                0 kB
WritebackTmp:          0 kB
CommitLimit:     5085632 kB
Committed_AS:       4280 kB
VmallocTotal:   534773760 kB
VmallocUsed:        4264 kB
VmallocChunk:          0 kB
Percpu:              160 kB
AnonHugePages:         0 kB
ShmemHugePages:        0 kB
ShmemPmdMapped:        0 kB
FileHugePages:         0 kB
FilePmdMapped:         0 kB
CmaTotal:              0 kB
CmaFree:               0 kB
DirectMap4k:     2097152 kB
DirectMap1M:           0 kB
DirectMap2G:           0 kB
