MemTotal:        2019128 kB
MemFree:         1074236 kB
MemAvailable:    1825468 kB
Buffers:           24184 kB
Cached:           763088 kB
SwapCached:            0 kB
Active:           120540 kB
Inactive:         700020 kB
Active(anon):      33660 kB
Inactive(anon):        0 kB
Active(file):      86880 kB
Inactive(file):   700020 kB
Unevictable:           0 kB
Mlocked:               0 kB
SwapTotal:             0 kB
SwapFree:              0 kB
Zswap:                 0 kB
Zswapped:              0 kB
Dirty:                52 kB
Writeback:             0 kB
AnonPages:         33332 kB
Mapped:            33768 kB
Shmem:               428 kB
KReclaimable:      52820 kB
Slab:              79252 kB
SReclaimable:      52820 kB
SUnreclaim:        26432 kB
KernelStack:        1304 kB
PageTables:         1636 kB
SecPageTables:         0 kB
NFS_Unstable:          0 kB
Bounce:                0 kB
WritebackTmp:          0 kB
CommitLimit:     1009564 kB
Committed_AS:      73444 kB
VmallocTotal:   135288315904 kB
VmallocUsed:        9580 kB
VmallocChunk:          0 kB
Percpu:              280 kB
HardwareCorrupted:     0 kB
AnonHugePages:      4096 kB
ShmemHugePages:        0 kB
ShmemPmdMapped:        0 kB
FileHugePages:         0 kB
FilePmdMapped:         0 kB
CmaTotal:          65536 kB
CmaFree:           64768 kB
HugePages_Total:       0
HugePages_Free:        0
HugePages_Rsvd:        0
HugePages_Surp:        0
Hugepagesize:       2048 kB
Hugetlb:               0 kB
