00000000-00000000 : Reserved
00000000-00000000 : System RAM
00000000-00000000 : Reserved
00000000-00000000 : PCI Bus 0000:00
00000000-00000000 : Video ROM
00000000-00000000 : Adapter ROM
00000000-00000000 : Adapter ROM
00000000-00000000 : PCI Bus 0000:00
00000000-00000000 : Reserved
  00000000-00000000 : System ROM
00000000-00000000 : System RAM
  00000000-00000000 : Kernel code
  00000000-00000000 : Kernel rodata
  00000000-00000000 : Kernel data
  00000000-00000000 : Kernel bss
  00000000-00000000 : Crash kernel
00000000-00000000 : ACPI Tables
00000000-00000000 : ACPI Non-volatile Storage
00000000-00000000 : System RAM
00000000-00000000 : PCI Bus 0000:00
  00000000-00000000 : 0000:00:10.0
  00000000-00000000 : PCI Bus 0000:22
  00000000-00000000 : PCI Bus 0000:1a
  00000000-00000000 : PCI Bus 0000:12
  00000000-00000000 : PCI Bus 0000:0a
  00000000-00000000 : PCI Bus 0000:21
  00000000-00000000 : PCI Bus 0000:19
  00000000-00000000 : PCI Bus 0000:11
  00000000-00000000 : PCI Bus 0000:09
  00000000-00000000 : PCI Bus 0000:20
  00000000-00000000 : PCI Bus 0000:18
  00000000-00000000 : PCI Bus 0000:10
  00000000-00000000 : PCI Bus 0000:08
  00000000-00000000 : PCI Bus 0000:1f
  00000000-00000000 : PCI Bus 0000:17
  00000000-00000000 : PCI Bus 0000:0f
  00000000-00000000 : PCI Bus 0000:07
  00000000-00000000 : PCI Bus 0000:1e
  00000000-00000000 : PCI Bus 0000:16
  00000000-00000000 : PCI Bus 0000:0e
  00000000-00000000 : PCI Bus 0000:06
  00000000-00000000 : PCI Bus 0000:1d
  00000000-00000000 : PCI Bus 0000:15
  00000000-00000000 : PCI Bus 0000:0d
  00000000-00000000 : PCI Bus 0000:05
  00000000-00000000 : PCI Bus 0000:1c
  00000000-00000000 : PCI Bus 0000:14
  00000000-00000000 : PCI Bus 0000:0c
  00000000-00000000 : PCI Bus 0000:04
  00000000-00000000 : PCI Bus 0000:1b
  00000000-00000000 : PCI Bus 0000:13
  00000000-00000000 : PCI Bus 0000:0b
  00000000-00000000 : PCI Bus 0000:03
  00000000-00000000 : PCI Bus 0000:02
  00000000-00000000 : 0000:00:0f.0
    00000000-00000000 : vmwgfx probe
  00000000-00000000 : PCI ECAM 0000 [bus 00-7f]
    00000000-00000000 : Reserved
      00000000-00000000 : PNP0C02:02
  00000000-00000000 : PCI Bus 0000:22
  00000000-00000000 : PCI Bus 0000:1a
  00000000-00000000 : PCI Bus 0000:12
  00000000-00000000 : PCI Bus 0000:0a
  00000000-00000000 : PCI Bus 0000:21
  00000000-00000000 : PCI Bus 0000:19
  00000000-00000000 : PCI Bus 0000:11
  00000000-00000000 : PCI Bus 0000:09
  00000000-00000000 : PCI Bus 0000:20
  00000000-00000000 : PCI Bus 0000:18
  00000000-00000000 : PCI Bus 0000:10
  00000000-00000000 : PCI Bus 0000:08
  00000000-00000000 : PCI Bus 0000:1f
  00000000-00000000 : PCI Bus 0000:17
  00000000-00000000 : PCI Bus 0000:0f
  00000000-00000000 : PCI Bus 0000:07
  00000000-00000000 : PCI Bus 0000:1e
  00000000-00000000 : PCI Bus 0000:16
  00000000-00000000 : PCI Bus 0000:0e
  00000000-00000000 : PCI Bus 0000:06
  00000000-00000000 : PCI Bus 0000:1d
  00000000-00000000 : PCI Bus 0000:15
  00000000-00000000 : PCI Bus 0000:0d
  00000000-00000000 : PCI Bus 0000:05
  00000000-00000000 : PCI Bus 0000:1c
  00000000-00000000 : PCI Bus 0000:14
  00000000-00000000 : PCI Bus 0000:0c
  00000000-00000000 : PCI Bus 0000:04
  00000000-00000000 : PCI Bus 0000:1b
  00000000-00000000 : PCI Bus 0000:13
  00000000-00000000 : PCI Bus 0000:0b
  00000000-00000000 : PCI Bus 0000:03
  00000000-00000000 : PCI Bus 0000:02
    00000000-00000000 : 0000:02:01.0
    00000000-00000000 : 0000:02:03.0
    00000000-00000000 : 0000:02:01.0
      00000000-00000000 : e1000
    00000000-00000000 : 0000:02:03.0
      00000000-00000000 : ahci
    00000000-00000000 : 0000:02:01.0
      00000000-00000000 : e1000
  00000000-00000000 : 0000:00:0f.0
    00000000-00000000 : vmwgfx probe
  00000000-00000000 : PNP0C02:02
  00000000-00000000 : 0000:00:10.0
    00000000-00000000 : mpt
  00000000-00000000 : 0000:00:10.0
    00000000-00000000 : mpt
  00000000-00000000 : 0000:00:07.7
00000000-00000000 : Reserved
  00000000-00000000 : IOAPIC 0
00000000-00000000 : HPET 0
  00000000-00000000 : PNP0103:00
00000000-00000000 : Reserved
00000000-00000000 : Reserved
