MemTotal:        1632776 kB
MemFree:           95748 kB
MemAvailable:    1107348 kB
Buffers:           49364 kB
Cached:          1004996 kB
SwapCached:         2676 kB
Active:           224040 kB
Inactive:         915260 kB
Active(anon):      58240 kB
Inactive(anon):    35384 kB
Active(file):     165800 kB
Inactive(file):   879876 kB
Unevictable:        9844 kB
Mlocked:            9844 kB
SwapTotal:       2097148 kB
SwapFree:        2091980 kB
Zswap:                 0 kB
Zswapped:              0 kB
Dirty:             74852 kB
Writeback:             0 kB
AnonPages:         94168 kB
Mapped:            92724 kB
Shmem:              1228 kB
KReclaimable:     152692 kB
Slab:             291552 kB
SReclaimable:     152692 kB
SUnreclaim:       138860 kB
KernelStack:        6280 kB
PageTables:         3716 kB
SecPageTables:         0 kB
NFS_Unstable:          0 kB
Bounce:                0 kB
WritebackTmp:          0 kB
CommitLimit:     2913536 kB
Committed_AS:     529320 kB
VmallocTotal:   34359738367 kB
VmallocUsed:       25340 kB
VmallocChunk:          0 kB
Percpu:            74240 kB
HardwareCorrupted:     0 kB
AnonHugePages:         0 kB
ShmemHugePages:        0 kB
ShmemPmdMapped:        0 kB
FileHugePages:    180224 kB
FilePmdMapped:         0 kB
CmaTotal:              0 kB
CmaFree:               0 kB
Unaccepted:            0 kB
Balloon:               0 kB
HugePages_Total:       0
HugePages_Free:        0
HugePages_Rsvd:        0
HugePages_Surp:        0
Hugepagesize:       2048 kB
Hugetlb:               0 kB
DirectMap4k:      163712 kB
DirectMap2M:     1933312 kB
DirectMap1G:           0 kB
