00000000-00000000 : 2020000.sysram
00000000-00000000 : /soc/audss-clock-controller@3810000
00000000-00000000 : /soc/i2s@03830000
00000000-00000000 : /soc/amba/adma@03880000
  00000000-00000000 : /soc/amba/adma@03880000
00000000-00000000 : /soc/system-controller@10040000
00000000-00000000 : /soc/watchdog@101d0000
00000000-00000000 : /soc/rtc@101E0000
00000000-00000000 : /soc/amba/mdma@10800000
  00000000-00000000 : /soc/amba/mdma@10800000
00000000-00000000 : /soc/sss@10830000
00000000-00000000 : /soc/g2d@10850000
00000000-00000000 : /soc/sysmmu@0x10A60000
00000000-00000000 : /soc/sysmmu@0x10A70000
00000000-00000000 : /soc/nocp@10CA1000
00000000-00000000 : /soc/nocp@10CA1400
00000000-00000000 : /soc/nocp@10CA1800
00000000-00000000 : /soc/nocp@10CA1C00
00000000-00000000 : /soc/codec@11000000
00000000-00000000 : /soc/sysmmu@0x11200000
00000000-00000000 : /soc/sysmmu@0x11210000
00000000-00000000 : 11800000.mali
00000000-00000000 : /soc/rotator@11C00000
00000000-00000000 : /soc/sysmmu@0x11D40000
00000000-00000000 : /soc/sysmmu@0x11F10000
00000000-00000000 : /soc/sysmmu@0x11F20000
00000000-00000000 : /soc/jpeg@11F50000
00000000-00000000 : /soc/jpeg@11F60000
00000000-00000000 : /soc/usb3-0/dwc3@12000000
  00000000-00000000 : /soc/usb3-0/dwc3@12000000
00000000-00000000 : /soc/usb3-0/dwc3@12000000
00000000-00000000 : /soc/phy@12100000
00000000-00000000 : /soc/usb@12110000
00000000-00000000 : /soc/usb@12120000
00000000-00000000 : /soc/phy@12130000
00000000-00000000 : /soc/amba/pdma@121A0000
  00000000-00000000 : /soc/amba/pdma@121A0000
00000000-00000000 : /soc/amba/pdma@121B0000
  00000000-00000000 : /soc/amba/pdma@121B0000
00000000-00000000 : /soc/mmc@12200000
00000000-00000000 : /soc/mmc@12220000
00000000-00000000 : /soc/usb3-1/dwc3@12400000
  00000000-00000000 : /soc/usb3-1/dwc3@12400000
00000000-00000000 : /soc/usb3-1/dwc3@12400000
00000000-00000000 : /soc/phy@12500000
00000000-00000000 : /soc/sysmmu@0x12880000
00000000-00000000 : /soc/sysmmu@0x12890000
00000000-00000000 : /soc/sysmmu@0x128A0000
00000000-00000000 : /soc/sysmmu@0x128C0000
00000000-00000000 : /soc/sysmmu@0x128D0000
00000000-00000000 : /soc/sysmmu@0x128E0000
00000000-00000000 : 12c00000.serial
00000000-00000000 : 12c10000.serial
00000000-00000000 : 12c20000.serial
00000000-00000000 : 12c30000.serial
00000000-00000000 : /soc/i2c@12C70000
00000000-00000000 : /soc/i2c@12ca0000
00000000-00000000 : /soc/i2c@12cb0000
00000000-00000000 : /soc/adc@12D10000
00000000-00000000 : /soc/spi@12d30000
00000000-00000000 : /soc/pwm@12DD0000
00000000-00000000 : /soc/video-scaler@13e00000
00000000-00000000 : /soc/video-scaler@13e10000
00000000-00000000 : /soc/sysmmu@0x13E80000
00000000-00000000 : /soc/sysmmu@0x13E90000
00000000-00000000 : /soc/hdmi@14530000
00000000-00000000 : /soc/sysmmu@0x14640000
00000000-00000000 : /soc/sysmmu@0x14650000
00000000-00000000 : /soc/sysmmu@0x14680000
00000000-00000000 : System RAM
  00000000-00000000 : Kernel code
  00000000-00000000 : Kernel data
