MemTotal:        2042436 kB
MemFree:         1609500 kB
MemAvailable:    1812432 kB
Buffers:           33592 kB
Cached:           219824 kB
SwapCached:            0 kB
Active:           145756 kB
Inactive:         165548 kB
Active(anon):      61000 kB
Inactive(anon):    11172 kB
Active(file):      84756 kB
Inactive(file):   154376 kB
Unevictable:           0 kB
Mlocked:               0 kB
HighTotal:       1288192 kB
HighFree:         939360 kB
LowTotal:         754244 kB
LowFree:          670140 kB
SwapTotal:             0 kB
SwapFree:              0 kB
Dirty:                 0 kB
Writeback:             0 kB
AnonPages:         58048 kB
Mapped:            95192 kB
Shmem:             14288 kB
Slab:              40516 kB
SReclaimable:      20656 kB
SUnreclaim:        19860 kB
KernelStack:        1840 kB
PageTables:         2240 kB
NFS_Unstable:          0 kB
Bounce:                0 kB
WritebackTmp:          0 kB
CommitLimit:     1021216 kB
Committed_AS:     792656 kB
VmallocTotal:     245760 kB
VmallocUsed:           0 kB
VmallocChunk:          0 kB
CmaTotal:         131072 kB
CmaFree:          121196 kB
