MemTotal:         250304 kB
MemFree:          210224 kB
MemAvailable:     206576 kB
Buffers:               0 kB
Cached:            21456 kB
SwapCached:            0 kB
Active:            10352 kB
Inactive:          11152 kB
Active(anon):      10352 kB
Inactive(anon):    11152 kB
Active(file):          0 kB
Inactive(file):        0 kB
Unevictable:           0 kB
Mlocked:               0 kB
SwapTotal:             0 kB
SwapFree:              0 kB
Dirty:                 0 kB
Writeback:             0 kB
AnonPages:             0 kB
Mapped:               80 kB
Shmem:             21376 kB
KReclaimable:        320 kB
Slab:               4192 kB
SReclaimable:        320 kB
SUnreclaim:         3872 kB
KernelStack:         656 kB
PageTables:            0 kB
SecPageTables:         0 kB
NFS_Unstable:          0 kB
Bounce:                0 kB
WritebackTmp:          0 kB
CommitLimit:      125152 kB
Committed_AS:      21600 kB
VmallocTotal:    1048144 kB
VmallocUsed:          32 kB
VmallocChunk:          0 kB
Percpu:               96 kB
Balloon:               0 kB
