MemTotal:        1999476 kB
MemFree:         1871532 kB
MemAvailable:    1872320 kB
Buffers:            4772 kB
Cached:            55872 kB
SwapCached:            0 kB
Active:            64384 kB
Inactive:           8944 kB
Active(anon):      12952 kB
Inactive(anon):        0 kB
Active(file):      51432 kB
Inactive(file):     8944 kB
Unevictable:           0 kB
Mlocked:               0 kB
SwapTotal:             0 kB
SwapFree:              0 kB
Zswap:                 0 kB
Zswapped:              0 kB
Dirty:              1124 kB
Writeback:             0 kB
AnonPages:         12728 kB
Mapped:            25668 kB
Shmem:               296 kB
KReclaimable:       4980 kB
Slab:              19560 kB
SReclaimable:       4980 kB
SUnreclaim:        14580 kB
KernelStack:        2560 kB
PageTables:         1084 kB
SecPageTables:         0 kB
NFS_Unstable:          0 kB
Bounce:                0 kB
WritebackTmp:          0 kB
CommitLimit:      999736 kB
Committed_AS:      29716 kB
VmallocTotal:   549755813888 kB
VmallocUsed:       12572 kB
VmallocChunk:          0 kB
Percpu:              252 kB
HardwareCorrupted:     0 kB
AnonHugePages:         0 kB
ShmemHugePages:        0 kB
ShmemPmdMapped:        0 kB
FileHugePages:         0 kB
FilePmdMapped:         0 kB
CmaTotal:              0 kB
CmaFree:               0 kB
HugePages_Total:       0
HugePages_Free:        0
HugePages_Rsvd:        0
HugePages_Surp:        0
Hugepagesize:       2048 kB
Hugetlb:               0 kB
DirectMap4k:           0 kB
DirectMap64k:           0 kB
DirectMap2M:     1048576 kB
DirectMap1G:     1048576 kB
