MemTotal:        2027796 kB
MemFree:         1742692 kB
MemAvailable:    1916756 kB
Buffers:            3520 kB
Cached:           219780 kB
SwapCached:            0 kB
Active:            16880 kB
Inactive:         207840 kB
Active(anon):         80 kB
Inactive(anon):     1440 kB
Active(file):      16800 kB
Inactive(file):   206400 kB
Unevictable:           0 kB
Mlocked:               0 kB
SwapTotal:       4055036 kB
SwapFree:        4055036 kB
Dirty:             39856 kB
Writeback:             0 kB
AnonPages:          1420 kB
Mapped:             1552 kB
Shmem:               100 kB
KReclaimable:      25632 kB
Slab:              33088 kB
SReclaimable:      25632 kB
SUnreclaim:         7456 kB
KernelStack:         920 kB
PageTables:          584 kB
NFS_Unstable:          0 kB
Bounce:                0 kB
WritebackTmp:          0 kB
CommitLimit:     5068932 kB
Committed_AS:       3608 kB
VmallocTotal:   133143592960 kB
VmallocUsed:        6612 kB
VmallocChunk:          0 kB
Percpu:              140 kB
AnonHugePages:         0 kB
ShmemHugePages:        0 kB
ShmemPmdMapped:        0 kB
FileHugePages:         0 kB
FilePmdMapped:         0 kB
HugePages_Total:       0
HugePages_Free:        0
HugePages_Rsvd:        0
HugePages_Surp:        0
Hugepagesize:       2048 kB
Hugetlb:               0 kB
