00000000-00000000 : System RAM
00000000-00000000 : pci@80000000
  00000000-00000000 : 0000:00:01.0
    00000000-00000000 : bochs-drm
  00000000-00000000 : 0000:00:01.0
    00000000-00000000 : bochs-drm
  00000000-00000000 : 0000:00:01.0
  00000000-00000000 : 0000:00:02.0
    00000000-00000000 : e1000
  00000000-00000000 : 0000:00:02.0
  00000000-00000000 : 0000:00:10.0
    00000000-00000000 : 0.81080000:mac-io
      00000000-00000000 : 0.00020000:ata-3
        00000000-00000000 : pata-macio-dma
      00000000-00000000 : 0.00021000:ata-3
        00000000-00000000 : pata-macio-dma
      00000000-00000000 : 0.00013000:ch-b
        00000000-00000000 : pmac_zilog
      00000000-00000000 : 0.00013000:ch-b
        00000000-00000000 : pmac_zilog
      00000000-00000000 : 0.00013020:ch-a
        00000000-00000000 : pmac_zilog
      00000000-00000000 : 0.00013020:ch-a
        00000000-00000000 : pmac_zilog
      00000000-00000000 : 0.00013000:ch-b
        00000000-00000000 : pmac_zilog
      00000000-00000000 : 0.00013020:ch-a
        00000000-00000000 : pmac_zilog
      00000000-00000000 : 0.00016000:via-cuda
      00000000-00000000 : 0.00020000:ata-3
        00000000-00000000 : pata-macio
      00000000-00000000 : 0.00021000:ata-3
        00000000-00000000 : pata-macio
      00000000-00000000 : 0.00060000:nvram
00000000-00000000 : pci@80000000
  00000000-00000000 : Legacy VGA memory
