MemTotal:        1014496 kB
MemFree:          715212 kB
MemAvailable:     969612 kB
Buffers:            7652 kB
Cached:           255888 kB
SwapCached:            0 kB
Active:            75108 kB
Inactive:         195000 kB
Active(anon):       6788 kB
Inactive(anon):        0 kB
Active(file):      68320 kB
Inactive(file):   195000 kB
Unevictable:           0 kB
Mlocked:               0 kB
HighTotal:        262144 kB
HighFree:          93520 kB
LowTotal:         752352 kB
LowFree:          621692 kB
SwapTotal:             0 kB
SwapFree:              0 kB
Zswap:                 0 kB
Zswapped:              0 kB
Dirty:                76 kB
Writeback:             0 kB
AnonPages:          6572 kB
Mapped:            28156 kB
Shmem:               220 kB
KReclaimable:       6056 kB
Slab:              15240 kB
SReclaimable:       6056 kB
SUnreclaim:         9184 kB
KernelStack:         552 kB
PageTables:          412 kB
SecPageTables:         0 kB
NFS_Unstable:          0 kB
Bounce:                0 kB
WritebackTmp:          0 kB
CommitLimit:      507248 kB
Committed_AS:      35512 kB
VmallocTotal:     232796 kB
VmallocUsed:        7440 kB
VmallocChunk:          0 kB
Percpu:              592 kB
