00000000-00000000 : ARMH0011:00
  00000000-00000000 : ARMH0011:00 ARMH0011:00
00000000-00000000 : QEMU0002:00
  00000000-00000000 : fw_cfg_mem
00000000-00000000 : LNRO0005:00
00000000-00000000 : LNRO0005:01
00000000-00000000 : LNRO0005:02
00000000-00000000 : LNRO0005:03
00000000-00000000 : LNRO0005:04
00000000-00000000 : LNRO0005:05
00000000-00000000 : LNRO0005:06
00000000-00000000 : LNRO0005:07
00000000-00000000 : LNRO0005:08
00000000-00000000 : LNRO0005:09
00000000-00000000 : LNRO0005:0a
00000000-00000000 : LNRO0005:0b
00000000-00000000 : LNRO0005:0c
00000000-00000000 : LNRO0005:0d
00000000-00000000 : LNRO0005:0e
00000000-00000000 : LNRO0005:0f
00000000-00000000 : LNRO0005:10
00000000-00000000 : LNRO0005:11
00000000-00000000 : LNRO0005:12
00000000-00000000 : LNRO0005:13
00000000-00000000 : LNRO0005:14
00000000-00000000 : LNRO0005:15
00000000-00000000 : LNRO0005:16
00000000-00000000 : LNRO0005:17
00000000-00000000 : LNRO0005:18
00000000-00000000 : LNRO0005:19
00000000-00000000 : LNRO0005:1a
00000000-00000000 : LNRO0005:1b
00000000-00000000 : LNRO0005:1c
00000000-00000000 : LNRO0005:1d
00000000-00000000 : LNRO0005:1e
00000000-00000000 : LNRO0005:1f
00000000-00000000 : PCI Bus 0000:00
  00000000-00000000 : 0000:00:01.0
  00000000-00000000 : 0000:00:01.0
  00000000-00000000 : 0000:00:02.0
00000000-00000000 : System RAM
  00000000-00000000 : Kernel code
  00000000-00000000 : reserved
  00000000-00000000 : Kernel data
  00000000-00000000 : reserved
  00000000-00000000 : reserved
  00000000-00000000 : reserved
  00000000-00000000 : reserved
00000000-00000000 : reserved
00000000-00000000 : System RAM
  00000000-00000000 : reserved
00000000-00000000 : reserved
00000000-00000000 : System RAM
  00000000-00000000 : reserved
  00000000-00000000 : reserved
  00000000-00000000 : reserved
  00000000-00000000 : reserved
  00000000-00000000 : reserved
  00000000-00000000 : reserved
00000000-00000000 : PCI ECAM
00000000-00000000 : PCI Bus 0000:00
  00000000-00000000 : 0000:00:01.0
    00000000-00000000 : virtio-pci-modern
  00000000-00000000 : 0000:00:02.0
    00000000-00000000 : virtio-pci-modern
