MemTotal:         245952 kB
MemFree:           10816 kB
MemAvailable:     213296 kB
Buffers:            8888 kB
Cached:           186940 kB
SwapCached:            4 kB
Active:            42640 kB
Inactive:         164788 kB
Active(anon):        188 kB
Inactive(anon):    11644 kB
Active(file):      42452 kB
Inactive(file):   153144 kB
Unevictable:           0 kB
Mlocked:               0 kB
SwapTotal:        477180 kB
SwapFree:         477172 kB
Dirty:                36 kB
Writeback:             0 kB
AnonPages:         11616 kB
Mapped:            25712 kB
Shmem:               232 kB
KReclaimable:      15164 kB
Slab:              22256 kB
SReclaimable:      15164 kB
SUnreclaim:         7092 kB
KernelStack:         576 kB
PageTables:          568 kB
NFS_Unstable:          0 kB
Bounce:                0 kB
WritebackTmp:          0 kB
CommitLimit:      600156 kB
Committed_AS:     149416 kB
VmallocTotal:    1048372 kB
VmallocUsed:        2864 kB
VmallocChunk:          0 kB
Percpu:              176 kB
