MemTotal:        1000696 kB
MemFree:          614032 kB
MemAvailable:     945176 kB
Buffers:            8592 kB
Cached:           322224 kB
SwapCached:            0 kB
Active:            77604 kB
Inactive:         263356 kB
Active(anon):      10208 kB
Inactive(anon):        0 kB
Active(file):      67396 kB
Inactive(file):   263356 kB
Unevictable:           0 kB
Mlocked:               0 kB
SwapTotal:             0 kB
SwapFree:              0 kB
Zswap:                 0 kB
Zswapped:              0 kB
Dirty:                44 kB
Writeback:             0 kB
AnonPages:         10156 kB
Mapped:            23744 kB
Shmem:                84 kB
KReclaimable:      16404 kB
Slab:              29360 kB
SReclaimable:      16404 kB
SUnreclaim:        12956 kB
KernelStack:        1160 kB
PageTables:         1652 kB
SecPageTables:         0 kB
NFS_Unstable:          0 kB
Bounce:                0 kB
WritebackTmp:          0 kB
CommitLimit:      500348 kB
Committed_AS:      31064 kB
VmallocTotal:   534773760 kB
VmallocUsed:        4804 kB
VmallocChunk:          0 kB
Percpu:              268 kB
AnonHugePages:         0 kB
ShmemHugePages:        0 kB
ShmemPmdMapped:        0 kB
FileHugePages:         0 kB
FilePmdMapped:         0 kB
CmaTotal:              0 kB
CmaFree:               0 kB
Balloon:               0 kB
DirectMap4k:     1048568 kB
DirectMap1M:           0 kB
DirectMap2G:           0 kB
