00000000-00000000 : 101000.rtc rtc@101000
00000000-00000000 : serial
00000000-00000000 : 10008000.virtio_mmio virtio_mmio@10008000
00000000-00000000 : PCI ECAM
00000000-00000000 : pci@30000000
  00000000-00000000 : 0000:00:01.0
  00000000-00000000 : 0000:00:02.0
00000000-00000000 : Reserved
00000000-00000000 : System RAM
  00000000-00000000 : Reserved
  00000000-00000000 : Kernel image
    00000000-00000000 : Kernel code
    00000000-00000000 : Kernel rodata
    00000000-00000000 : Kernel data
    00000000-00000000 : Kernel bss
  00000000-00000000 : Reserved
  00000000-00000000 : Reserved
00000000-00000000 : Reserved
00000000-00000000 : System RAM
  00000000-00000000 : Reserved
  00000000-00000000 : Reserved
  00000000-00000000 : Reserved
  00000000-00000000 : Reserved
  00000000-00000000 : Reserved
00000000-00000000 : Reserved
00000000-00000000 : System RAM
00000000-00000000 : Reserved
00000000-00000000 : System RAM
00000000-00000000 : Reserved
00000000-00000000 : System RAM
00000000-00000000 : Reserved
00000000-00000000 : System RAM
  00000000-00000000 : Reserved
  00000000-00000000 : Reserved
  00000000-00000000 : Reserved
  00000000-00000000 : Reserved
  00000000-00000000 : Reserved
  00000000-00000000 : Reserved
  00000000-00000000 : Reserved
00000000-00000000 : pci@30000000
  00000000-00000000 : 0000:00:01.0
    00000000-00000000 : virtio-pci-modern
  00000000-00000000 : 0000:00:02.0
    00000000-00000000 : virtio-pci-modern
