MemTotal:         250336 kB
MemFree:          210384 kB
MemAvailable:     206720 kB
Buffers:               0 kB
Cached:            21504 kB
SwapCached:            0 kB
Active:            10288 kB
Inactive:          11152 kB
Active(anon):      10288 kB
Inactive(anon):    11152 kB
Active(file):          0 kB
Inactive(file):        0 kB
Unevictable:           0 kB
Mlocked:               0 kB
SwapTotal:             0 kB
SwapFree:              0 kB
Dirty:                 0 kB
Writeback:             0 kB
AnonPages:             0 kB
Mapped:               80 kB
Shmem:             21424 kB
KReclaimable:        288 kB
Slab:               4144 kB
SReclaimable:        288 kB
SUnreclaim:         3856 kB
KernelStack:         656 kB
PageTables:            0 kB
SecPageTables:         0 kB
NFS_Unstable:          0 kB
Bounce:                0 kB
WritebackTmp:          0 kB
CommitLimit:      125168 kB
Committed_AS:      21616 kB
VmallocTotal:    1048144 kB
VmallocUsed:          32 kB
VmallocChunk:          0 kB
Percpu:               96 kB
Balloon:               0 kB
