MemTotal:        1020776 kB
MemFree:          413976 kB
MemAvailable:     832976 kB
Buffers:           13024 kB
Cached:           528396 kB
SwapCached:            0 kB
Active:            89068 kB
Inactive:         462784 kB
Active(anon):      10788 kB
Inactive(anon):        0 kB
Active(file):      78280 kB
Inactive(file):   462784 kB
Unevictable:           0 kB
Mlocked:               0 kB
HighTotal:        151432 kB
HighFree:           2004 kB
LowTotal:         869344 kB
LowFree:          411972 kB
SwapTotal:             0 kB
SwapFree:              0 kB
Zswap:                 0 kB
Zswapped:              0 kB
Dirty:                 0 kB
Writeback:             0 kB
AnonPages:         10436 kB
Mapped:            26716 kB
Shmem:               356 kB
KReclaimable:      16160 kB
Slab:              24448 kB
SReclaimable:      16160 kB
SUnreclaim:         8288 kB
KernelStack:         560 kB
PageTables:          336 kB
SecPageTables:         0 kB
NFS_Unstable:          0 kB
Bounce:                0 kB
WritebackTmp:          0 kB
CommitLimit:      510388 kB
Committed_AS:      35316 kB
VmallocTotal:     122880 kB
VmallocUsed:        7212 kB
VmallocChunk:          0 kB
Percpu:              204 kB
HardwareCorrupted:     0 kB
AnonHugePages:      4096 kB
ShmemHugePages:        0 kB
ShmemPmdMapped:        0 kB
FileHugePages:         0 kB
FilePmdMapped:         0 kB
HugePages_Total:       0
HugePages_Free:        0
HugePages_Rsvd:        0
HugePages_Surp:        0
Hugepagesize:       4096 kB
Hugetlb:               0 kB
DirectMap4k:       12280 kB
DirectMap4M:      884736 kB
