MemTotal:        1017940 kB
MemFree:          992300 kB
MemAvailable:     986472 kB
Buffers:               0 kB
Cached:            14976 kB
SwapCached:            0 kB
Active:            14992 kB
Inactive:              0 kB
Active(anon):      14992 kB
Inactive(anon):        0 kB
Active(file):          0 kB
Inactive(file):        0 kB
Unevictable:           0 kB
Mlocked:               0 kB
HighTotal:             0 kB
HighFree:              0 kB
LowTotal:        1017940 kB
LowFree:          992300 kB
SwapTotal:             0 kB
SwapFree:              0 kB
Zswap:                 0 kB
Zswapped:              0 kB
Dirty:                 0 kB
Writeback:             0 kB
AnonPages:            24 kB
Mapped:               48 kB
Shmem:             14976 kB
KReclaimable:        372 kB
Slab:               4296 kB
SReclaimable:        372 kB
SUnreclaim:         3924 kB
KernelStack:         384 kB
PageTables:           16 kB
SecPageTables:         0 kB
NFS_Unstable:          0 kB
Bounce:                0 kB
WritebackTmp:          0 kB
CommitLimit:      508968 kB
Committed_AS:      15128 kB
VmallocTotal:    1032192 kB
VmallocUsed:         496 kB
VmallocChunk:          0 kB
Percpu:               88 kB
CmaTotal:          49152 kB
CmaFree:           48896 kB
