03000154-03000163 : 3000154.sysdma_remap sysdma_remap
03002000-03002007 : 3002000.clk-reset-controller clk-reset-controller
03003000-0300300f : 3003000.reset-controller reset-controller
03006000-03006057 : 4340000.usb usb@04340000
0300a000-0300a0ff : 300a000.dac dac@0300A000
0300a100-0300a1ff : 300a100.adc adc@0300A100
03020000-03020fff : 3020000.gpio gpio@03020000
03021000-03021fff : 3021000.gpio gpio@03021000
03022000-03022fff : 3022000.gpio gpio@03022000
03023000-03023fff : 3023000.gpio gpio@03023000
03060000-03060fff : 3060000.pwm pwm@3060000
03061000-03061fff : 3061000.pwm pwm@3061000
03062000-03062fff : 3062000.pwm pwm@3062000
03063000-03063fff : 3063000.pwm pwm@3063000
030e0000-030effff : 30e0000.thermal thermal@030E0000
04010000-04010fff : 4010000.i2c i2c@04010000
04020000-04020fff : 4020000.i2c i2c@04020000
04030000-04030fff : 4030000.i2c i2c@04030000
04040000-04040fff : 4040000.i2c i2c@04040000
04070000-0407ffff : 4070000.ethernet ethernet@4070000
04100000-04101fff : 4100000.i2s i2s@04100000
04108000-041080ff : 4108000.i2s_subsys i2s_subsys
04130000-04131fff : 4130000.i2s i2s@04130000
04140000-0414001f : serial
04150000-0415001f : serial
04160000-0416001f : serial
04170000-0417001f : serial
041b0000-041bffff : 41b0000.spi3 spi3@041B0000
041c0000-041c001f : serial
04310000-04310fff : 4310000.cv-sd core_mem
04320000-04320fff : 4320000.wifi-sd wifi-sd@4320000
04330000-04330fff : 4330000.dma dma@0x4330000
04340000-0434ffff : 4340000.usb usb@04340000
05021000-05021fff : 5021000.gpio gpio@05021000
0a000000-0a07ffff : a000000.vi vi
0a0a0000-0a0a30ff : a0a0000.ive ive_base
0a0c8000-0a0c801f : a0c8000.base vip_sys
0c100000-0c100fff : c100000.tpu tdma
0c101000-0c101fff : c100000.tpu tiu
80000000-9fdfffff : System RAM
