MemTotal:         324432 kB
MemFree:          245796 kB
MemAvailable:     289756 kB
Buffers:            3952 kB
Cached:            41740 kB
SwapCached:            0 kB
Active:            23700 kB
Inactive:          26988 kB
Active(anon):        328 kB
Inactive(anon):     4976 kB
Active(file):      23372 kB
Inactive(file):    22012 kB
Unevictable:           0 kB
Mlocked:               0 kB
SwapTotal:             0 kB
SwapFree:              0 kB
Dirty:                52 kB
Writeback:             0 kB
AnonPages:          5000 kB
Mapped:             6544 kB
Shmem:               308 kB
KReclaimable:       7676 kB
Slab:              20424 kB
SReclaimable:       7676 kB
SUnreclaim:        12748 kB
KernelStack:        1280 kB
PageTables:          588 kB
NFS_Unstable:          0 kB
Bounce:                0 kB
WritebackTmp:          0 kB
CommitLimit:      162216 kB
Committed_AS:      10052 kB
VmallocTotal:   67108863 kB
VmallocUsed:        3584 kB
VmallocChunk:          0 kB
Percpu:               64 kB
CmaTotal:              0 kB
CmaFree:               0 kB
