MemTotal:        1016984 kB
MemFree:          993580 kB
MemAvailable:     917832 kB
Buffers:               0 kB
Cached:            14652 kB
SwapCached:            0 kB
Active:            14652 kB
Inactive:              0 kB
Active(anon):      14652 kB
Inactive(anon):        0 kB
Active(file):          0 kB
Inactive(file):        0 kB
Unevictable:           0 kB
Mlocked:               0 kB
HighTotal:        159624 kB
HighFree:         143596 kB
LowTotal:         857360 kB
LowFree:          849984 kB
SwapTotal:             0 kB
SwapFree:              0 kB
Zswap:                 0 kB
Zswapped:              0 kB
Dirty:                 0 kB
Writeback:             0 kB
AnonPages:             0 kB
Mapped:               36 kB
Shmem:             14616 kB
KReclaimable:        372 kB
Slab:               4664 kB
SReclaimable:        372 kB
SUnreclaim:         4292 kB
KernelStack:         416 kB
PageTables:            4 kB
SecPageTables:         0 kB
NFS_Unstable:          0 kB
Bounce:                0 kB
WritebackTmp:          0 kB
CommitLimit:      508492 kB
Committed_AS:      14792 kB
VmallocTotal:     122880 kB
VmallocUsed:          24 kB
VmallocChunk:          0 kB
Percpu:              136 kB
AnonHugePages:         0 kB
ShmemHugePages:        0 kB
ShmemPmdMapped:        0 kB
FileHugePages:         0 kB
FilePmdMapped:         0 kB
DirectMap4k:       16376 kB
DirectMap4M:      872448 kB
