MemTotal:         249168 kB
MemFree:          201072 kB
MemAvailable:     197488 kB
Buffers:               0 kB
Cached:            26800 kB
SwapCached:            0 kB
Active:            12992 kB
Inactive:          13792 kB
Active(anon):      12992 kB
Inactive(anon):    13792 kB
Active(file):          0 kB
Inactive(file):        0 kB
Unevictable:           0 kB
Mlocked:               0 kB
SwapTotal:             0 kB
SwapFree:              0 kB
Dirty:                 0 kB
Writeback:             0 kB
AnonPages:            80 kB
Mapped:               80 kB
Shmem:             26720 kB
KReclaimable:        416 kB
Slab:               5744 kB
SReclaimable:        416 kB
SUnreclaim:         5328 kB
KernelStack:         656 kB
PageTables:          112 kB
SecPageTables:         0 kB
NFS_Unstable:          0 kB
Bounce:                0 kB
WritebackTmp:          0 kB
CommitLimit:      124576 kB
Committed_AS:      26944 kB
VmallocTotal:   4290772960 kB
VmallocUsed:          32 kB
VmallocChunk:          0 kB
Percpu:              128 kB
Balloon:               0 kB
