00000000-00000000 : System RAM
  00000000-00000000 : Kernel code
  00000000-00000000 : Kernel data
00000000-00000000 : 10001000.pci pci@10001000
00000000-00000000 : 10002000.i2c i2c@10002000
00000000-00000000 : aaci@4000
00000000-00000000 : mmc@5000
  00000000-00000000 : fpga:05 mmc@5000
00000000-00000000 : kmi@6000
  00000000-00000000 : kmi-pl050
00000000-00000000 : kmi@7000
  00000000-00000000 : kmi-pl050
00000000-00000000 : uart@9000
  00000000-00000000 : 10009000.uart uart@9000
00000000-00000000 : mmc@b000
  00000000-00000000 : fpga:0b mmc@b000
00000000-00000000 : smc91x
00000000-00000000 : display@10120000
00000000-00000000 : dma@10130000
00000000-00000000 : timer@101e2000
00000000-00000000 : timer@101e3000
00000000-00000000 : gpio@101e4000
  00000000-00000000 : 101e4000.gpio gpio@101e4000
00000000-00000000 : gpio@101e5000
  00000000-00000000 : 101e5000.gpio gpio@101e5000
00000000-00000000 : gpio@101e6000
  00000000-00000000 : 101e6000.gpio gpio@101e6000
00000000-00000000 : gpio@101e7000
  00000000-00000000 : 101e7000.gpio gpio@101e7000
00000000-00000000 : rtc@101e8000
00000000-00000000 : uart@101f1000
  00000000-00000000 : 101f1000.uart uart@101f1000
00000000-00000000 : uart@101f2000
  00000000-00000000 : 101f2000.uart uart@101f2000
00000000-00000000 : uart@101f3000
  00000000-00000000 : 101f3000.uart uart@101f3000
00000000-00000000 : 34000000.flash flash@34000000
00000000-00000000 : 10001000.pci pci@10001000
00000000-00000000 : pci@10001000
00000000-00000000 : pci@10001000
  00000000-00000000 : 0000:00:0c.0
    00000000-00000000 : sym53c8xx
  00000000-00000000 : 0000:00:0c.0
    00000000-00000000 : sym53c8xx
00000000-00000000 : pci@10001000
