MemTotal:         250768 kB
MemFree:          115224 kB
MemAvailable:     162068 kB
Buffers:           14864 kB
Cached:            73140 kB
SwapCached:            0 kB
Active:            37012 kB
Inactive:          78220 kB
Active(anon):        752 kB
Inactive(anon):    27300 kB
Active(file):      36260 kB
Inactive(file):    50920 kB
Unevictable:           0 kB
Mlocked:               0 kB
SwapTotal:         56316 kB
SwapFree:          56316 kB
Dirty:                 0 kB
Writeback:             0 kB
AnonPages:         27244 kB
Mapped:            28880 kB
Shmem:               824 kB
KReclaimable:       9440 kB
Slab:              13580 kB
SReclaimable:       9440 kB
SUnreclaim:         4140 kB
KernelStack:         544 kB
PageTables:          904 kB
NFS_Unstable:          0 kB
Bounce:                0 kB
WritebackTmp:          0 kB
CommitLimit:      181700 kB
Committed_AS:     217200 kB
VmallocTotal:     770048 kB
VmallocUsed:         500 kB
VmallocChunk:          0 kB
Percpu:              128 kB
CmaTotal:              0 kB
CmaFree:               0 kB
