MemTotal:        2033740 kB
MemFree:         1949596 kB
MemAvailable:    1980196 kB
Buffers:            4756 kB
Cached:            41364 kB
SwapCached:            0 kB
Active:            50196 kB
Inactive:           8052 kB
Active(anon):      12248 kB
Inactive(anon):        0 kB
Active(file):      37948 kB
Inactive(file):     8052 kB
Unevictable:           0 kB
Mlocked:               0 kB
SwapTotal:             0 kB
SwapFree:              0 kB
Zswap:                 0 kB
Zswapped:              0 kB
Dirty:               108 kB
Writeback:             0 kB
AnonPages:         12184 kB
Mapped:            21036 kB
Shmem:               104 kB
KReclaimable:       4136 kB
Slab:              14800 kB
SReclaimable:       4136 kB
SUnreclaim:        10664 kB
KernelStack:        1184 kB
PageTables:         1796 kB
SecPageTables:         0 kB
NFS_Unstable:          0 kB
Bounce:                0 kB
WritebackTmp:          0 kB
CommitLimit:     1016868 kB
Committed_AS:      27012 kB
VmallocTotal:   534773760 kB
VmallocUsed:        4064 kB
VmallocChunk:          0 kB
Percpu:              232 kB
AnonHugePages:         0 kB
ShmemHugePages:        0 kB
ShmemPmdMapped:        0 kB
FileHugePages:         0 kB
FilePmdMapped:         0 kB
CmaTotal:              0 kB
CmaFree:               0 kB
DirectMap4k:     2097144 kB
DirectMap1M:           0 kB
DirectMap2G:           0 kB
