MemTotal:         967932 kB
MemFree:          603116 kB
MemAvailable:     834884 kB
Buffers:            7760 kB
Cached:           283040 kB
SwapCached:            0 kB
Active:            73788 kB
Inactive:         223340 kB
Active(anon):      10644 kB
Inactive(anon):        0 kB
Active(file):      63144 kB
Inactive(file):   223340 kB
Unevictable:        4000 kB
Mlocked:               0 kB
SwapTotal:             0 kB
SwapFree:              0 kB
Zswap:                 0 kB
Zswapped:              0 kB
Dirty:               244 kB
Writeback:             0 kB
AnonPages:         10436 kB
Mapped:            26692 kB
Shmem:              4264 kB
KReclaimable:      14724 kB
Slab:              31316 kB
SReclaimable:      14724 kB
SUnreclaim:        16592 kB
KernelStack:        2944 kB
PageTables:          928 kB
SecPageTables:         0 kB
NFS_Unstable:          0 kB
Bounce:                0 kB
WritebackTmp:          0 kB
CommitLimit:      483964 kB
Committed_AS:      27776 kB
VmallocTotal:   549755813888 kB
VmallocUsed:        7576 kB
VmallocChunk:          0 kB
Percpu:              560 kB
HardwareCorrupted:     0 kB
AnonHugePages:         0 kB
ShmemHugePages:        0 kB
ShmemPmdMapped:        0 kB
FileHugePages:         0 kB
FilePmdMapped:         0 kB
CmaTotal:              0 kB
CmaFree:               0 kB
Balloon:               0 kB
HugePages_Total:       0
HugePages_Free:        0
HugePages_Rsvd:        0
HugePages_Surp:        0
Hugepagesize:       2048 kB
Hugetlb:               0 kB
DirectMap4k:           0 kB
DirectMap64k:          0 kB
DirectMap2M:     1048576 kB
DirectMap1G:           0 kB
