MemTotal:        1018940 kB
MemFree:          517780 kB
MemAvailable:     967720 kB
Buffers:           12384 kB
Cached:           450624 kB
SwapCached:            0 kB
Active:            65428 kB
Inactive:         403432 kB
Active(anon):       6208 kB
Inactive(anon):        0 kB
Active(file):      59220 kB
Inactive(file):   403432 kB
Unevictable:           0 kB
Mlocked:               0 kB
HighTotal:        262144 kB
HighFree:          24320 kB
LowTotal:         756796 kB
LowFree:          493460 kB
SwapTotal:             0 kB
SwapFree:              0 kB
Zswap:                 0 kB
Zswapped:              0 kB
Dirty:                32 kB
Writeback:             0 kB
AnonPages:          5888 kB
Mapped:            21776 kB
Shmem:               320 kB
KReclaimable:      14960 kB
Slab:              23404 kB
SReclaimable:      14960 kB
SUnreclaim:         8444 kB
KernelStack:         488 kB
PageTables:          412 kB
SecPageTables:         0 kB
NFS_Unstable:          0 kB
Bounce:                0 kB
WritebackTmp:          0 kB
CommitLimit:      509468 kB
Committed_AS:      34948 kB
VmallocTotal:     245760 kB
VmallocUsed:        2524 kB
VmallocChunk:          0 kB
Percpu:              152 kB
CmaTotal:          16384 kB
CmaFree:               0 kB
