MemTotal:         994560 kB
MemFree:          932180 kB
MemAvailable:     922824 kB
Buffers:               0 kB
Cached:            20340 kB
SwapCached:            0 kB
Active:             2412 kB
Inactive:          17892 kB
Active(anon):       2412 kB
Inactive(anon):    17892 kB
Active(file):          0 kB
Inactive(file):        0 kB
Unevictable:           0 kB
Mlocked:               0 kB
SwapTotal:             0 kB
SwapFree:              0 kB
Dirty:                 0 kB
Writeback:             0 kB
AnonPages:            36 kB
Mapped:               36 kB
Shmem:             20340 kB
KReclaimable:        736 kB
Slab:               6464 kB
SReclaimable:        736 kB
SUnreclaim:         5728 kB
KernelStack:         996 kB
PageTables:          316 kB
SecPageTables:         0 kB
NFS_Unstable:          0 kB
Bounce:                0 kB
WritebackTmp:          0 kB
CommitLimit:      497280 kB
Committed_AS:      20504 kB
VmallocTotal:   34359738367 kB
VmallocUsed:        1072 kB
VmallocChunk:          0 kB
Percpu:              204 kB
Balloon:               0 kB
HugePages_Total:       0
HugePages_Free:        0
HugePages_Rsvd:        0
HugePages_Surp:        0
Hugepagesize:       2048 kB
Hugetlb:               0 kB
DirectMap4k:       20348 kB
DirectMap2M:     1028096 kB
DirectMap1G:           0 kB
