00000000-3fffffff : System RAM
80000000-8fffffff : pci@80000000
  80000000-80ffffff : 0000:00:01.0
  81000000-81000fff : 0000:00:01.0
  81010000-8101ffff : 0000:00:01.0
  81040000-8107ffff : 0000:00:02.0
  81080000-810fffff : 0000:00:10.0
    81080000-810fffff : 0.81080000:mac-io
      81088b00-81088bff : 0.00020000:ata-3
        81088b00-81088bff : pata-macio-dma
      81088d00-81088dff : 0.00021000:ata-3
        81088d00-81088dff : pata-macio-dma
      81093000-81093000 : 0.00013000:ch-b
        81093000-81093000 : pmac_zilog
      81093010-81093010 : 0.00013000:ch-b
        81093010-81093010 : pmac_zilog
      81093020-81093020 : 0.00013020:ch-a
        81093020-81093020 : pmac_zilog
      81093030-81093030 : 0.00013020:ch-a
        81093030-81093030 : pmac_zilog
      81093040-81093040 : 0.00013000:ch-b
        81093040-81093040 : pmac_zilog
      81093050-81093050 : 0.00013020:ch-a
        81093050-81093050 : pmac_zilog
      81096000-81097fff : 0.00016000:via-cuda
      810a0000-810a0fff : 0.00020000:ata-3
        810a0000-810a0fff : pata-macio
      810a1000-810a1fff : 0.00021000:ata-3
        810a1000-810a1fff : pata-macio
      810e0000-810fffff : 0.00060000:nvram
fd000000-fdffffff : pci@80000000
  fd0a0000-fd0bffff : Legacy VGA memory
