MemTotal:        1025188 kB
MemFree:          985016 kB
MemAvailable:     978120 kB
Buffers:               0 kB
Cached:            26444 kB
SwapCached:            0 kB
Active:             3280 kB
Inactive:          23172 kB
Active(anon):       3280 kB
Inactive(anon):    23172 kB
Active(file):          0 kB
Inactive(file):        0 kB
Unevictable:           0 kB
Mlocked:               0 kB
HighTotal:        262144 kB
HighFree:         234108 kB
LowTotal:         763044 kB
LowFree:          750908 kB
SwapTotal:             0 kB
SwapFree:              0 kB
Dirty:                 0 kB
Writeback:             0 kB
AnonPages:            24 kB
Mapped:               56 kB
Shmem:             26444 kB
KReclaimable:        348 kB
Slab:               3904 kB
SReclaimable:        348 kB
SUnreclaim:         3556 kB
KernelStack:         272 kB
PageTables:           12 kB
SecPageTables:         0 kB
NFS_Unstable:          0 kB
Bounce:                0 kB
WritebackTmp:          0 kB
CommitLimit:      512592 kB
Committed_AS:      26596 kB
VmallocTotal:     232796 kB
VmallocUsed:         348 kB
VmallocChunk:          0 kB
Percpu:               32 kB
Balloon:               0 kB
