MemTotal:        3459832 kB
MemFree:         2297268 kB
MemAvailable:    3047812 kB
Buffers:           46540 kB
Cached:           818456 kB
SwapCached:            0 kB
Active:           355212 kB
Inactive:         630300 kB
Active(anon):     128172 kB
Inactive(anon):        0 kB
Active(file):     227040 kB
Inactive(file):   630300 kB
Unevictable:       17320 kB
Mlocked:           17320 kB
SwapTotal:             0 kB
SwapFree:              0 kB
Zswap:                 0 kB
Zswapped:              0 kB
Dirty:               536 kB
Writeback:             0 kB
AnonPages:        137996 kB
Mapped:            66476 kB
Shmem:              1120 kB
KReclaimable:      41488 kB
Slab:              92196 kB
SReclaimable:      41488 kB
SUnreclaim:        50708 kB
KernelStack:        2352 kB
ShadowCallStack:     596 kB
PageTables:         2788 kB
SecPageTables:         0 kB
NFS_Unstable:          0 kB
Bounce:                0 kB
WritebackTmp:          0 kB
CommitLimit:     1729916 kB
Committed_AS:     352808 kB
VmallocTotal:   135288315904 kB
VmallocUsed:        8696 kB
VmallocChunk:          0 kB
Percpu:             1632 kB
HardwareCorrupted:     0 kB
AnonHugePages:     86016 kB
ShmemHugePages:        0 kB
ShmemPmdMapped:        0 kB
FileHugePages:     96256 kB
FilePmdMapped:         0 kB
CmaTotal:          32768 kB
CmaFree:         1148768 kB
Balloon:               0 kB
HugePages_Total:       0
HugePages_Free:        0
HugePages_Rsvd:        0
HugePages_Surp:        0
Hugepagesize:       2048 kB
Hugetlb:               0 kB
