MemTotal:        2029176 kB
MemFree:         1714120 kB
MemAvailable:    1978312 kB
Buffers:            5244 kB
Cached:           267340 kB
SwapCached:            0 kB
Active:            12180 kB
Inactive:         262464 kB
Active(anon):       2160 kB
Inactive(anon):        0 kB
Active(file):      10020 kB
Inactive(file):   262464 kB
Unevictable:           0 kB
Mlocked:               0 kB
SwapTotal:       4058108 kB
SwapFree:        4058108 kB
Zswap:                 0 kB
Zswapped:              0 kB
Dirty:             69848 kB
Writeback:             0 kB
AnonPages:          2032 kB
Mapped:             1852 kB
Shmem:               100 kB
KReclaimable:      17080 kB
Slab:              26888 kB
SReclaimable:      17080 kB
SUnreclaim:         9808 kB
KernelStack:        1088 kB
PageTables:         1164 kB
SecPageTables:         0 kB
NFS_Unstable:          0 kB
Bounce:                0 kB
WritebackTmp:          0 kB
CommitLimit:     5072696 kB
Committed_AS:       4100 kB
VmallocTotal:   534773760 kB
VmallocUsed:        6548 kB
VmallocChunk:          0 kB
Percpu:              168 kB
AnonHugePages:         0 kB
ShmemHugePages:        0 kB
ShmemPmdMapped:        0 kB
FileHugePages:         0 kB
FilePmdMapped:         0 kB
CmaTotal:              0 kB
CmaFree:               0 kB
Balloon:               0 kB
DirectMap4k:     2097144 kB
DirectMap1M:           0 kB
DirectMap2G:           0 kB
