MemTotal:        1690176 kB
MemFree:           75520 kB
MemAvailable:    1235520 kB
Buffers:           42368 kB
Cached:          1186048 kB
SwapCached:           64 kB
Active:           357888 kB
Inactive:         992896 kB
Active(anon):     149248 kB
Inactive(anon):      448 kB
Active(file):     208640 kB
Inactive(file):   992448 kB
Unevictable:       19456 kB
Mlocked:           15424 kB
SwapTotal:       1883072 kB
SwapFree:        1883008 kB
Zswap:                 0 kB
Zswapped:              0 kB
Dirty:                 0 kB
Writeback:             0 kB
AnonPages:        143360 kB
Mapped:            90432 kB
Shmem:             18304 kB
KReclaimable:      45824 kB
Slab:             172800 kB
SReclaimable:      45824 kB
SUnreclaim:       126976 kB
KernelStack:        2400 kB
PageTables:         4096 kB
SecPageTables:         0 kB
NFS_Unstable:          0 kB
Bounce:                0 kB
WritebackTmp:          0 kB
CommitLimit:     2728128 kB
Committed_AS:     445248 kB
VmallocTotal:   549755813888 kB
VmallocUsed:       18944 kB
VmallocChunk:          0 kB
Percpu:             1280 kB
HardwareCorrupted:     0 kB
AnonHugePages:     14336 kB
ShmemHugePages:        0 kB
ShmemPmdMapped:        0 kB
FileHugePages:    126976 kB
FilePmdMapped:         0 kB
CmaTotal:              0 kB
CmaFree:               0 kB
Balloon:               0 kB
HugePages_Total:       0
HugePages_Free:        0
HugePages_Rsvd:        0
HugePages_Surp:        0
Hugepagesize:       2048 kB
Hugetlb:               0 kB
DirectMap4k:           0 kB
DirectMap64k:          0 kB
DirectMap2M:     1048576 kB
DirectMap1G:     1048576 kB
