MemTotal:        2021244 kB
MemFree:         1897996 kB
MemAvailable:    1852036 kB
Buffers:            5412 kB
Cached:            47712 kB
SwapCached:            0 kB
Active:            59316 kB
Inactive:          10700 kB
Active(anon):      17224 kB
Inactive(anon):        0 kB
Active(file):      42092 kB
Inactive(file):    10700 kB
Unevictable:           0 kB
Mlocked:               0 kB
SwapTotal:             0 kB
SwapFree:              0 kB
Zswap:                 0 kB
Zswapped:              0 kB
Dirty:              1428 kB
Writeback:             0 kB
AnonPages:         16936 kB
Mapped:            25456 kB
Shmem:               376 kB
KReclaimable:       5768 kB
Slab:              22284 kB
SReclaimable:       5768 kB
SUnreclaim:        16516 kB
KernelStack:        1632 kB
PageTables:         2708 kB
SecPageTables:         0 kB
NFS_Unstable:          0 kB
Bounce:                0 kB
WritebackTmp:          0 kB
CommitLimit:     1010620 kB
Committed_AS:      55728 kB
VmallocTotal:   34359738367 kB
VmallocUsed:       21080 kB
VmallocChunk:          0 kB
Percpu:              372 kB
HardwareCorrupted:     0 kB
AnonHugePages:         0 kB
ShmemHugePages:        0 kB
ShmemPmdMapped:        0 kB
FileHugePages:         0 kB
FilePmdMapped:         0 kB
Unaccepted:            0 kB
HugePages_Total:       0
HugePages_Free:        0
HugePages_Rsvd:        0
HugePages_Surp:        0
Hugepagesize:       2048 kB
Hugetlb:               0 kB
DirectMap4k:       71552 kB
DirectMap2M:     2025472 kB
DirectMap1G:           0 kB
